Archive member included to satisfy reference by file (symbol)

/opt/ST/STM32CubeCLT_1.21.0/GNU-tools-for-STM32/bin/../lib/gcc/arm-none-eabi/14.3.1/thumb/v7e-m+dp/hard/libgcc.a(_aeabi_uldivmod.o)
                              build/Drivers/STM32H7xx_HAL_Driver/Src/stm32h7xx_hal_uart.o (__aeabi_uldivmod)
/opt/ST/STM32CubeCLT_1.21.0/GNU-tools-for-STM32/bin/../lib/gcc/arm-none-eabi/14.3.1/thumb/v7e-m+dp/hard/libgcc.a(_udivmoddi4.o)
                              /opt/ST/STM32CubeCLT_1.21.0/GNU-tools-for-STM32/bin/../lib/gcc/arm-none-eabi/14.3.1/thumb/v7e-m+dp/hard/libgcc.a(_aeabi_uldivmod.o) (__udivmoddi4)
/opt/ST/STM32CubeCLT_1.21.0/GNU-tools-for-STM32/bin/../lib/gcc/arm-none-eabi/14.3.1/thumb/v7e-m+dp/hard/libgcc.a(_dvmd_tls.o)
                              /opt/ST/STM32CubeCLT_1.21.0/GNU-tools-for-STM32/bin/../lib/gcc/arm-none-eabi/14.3.1/thumb/v7e-m+dp/hard/libgcc.a(_aeabi_uldivmod.o) (__aeabi_ldiv0)
/opt/ST/STM32CubeCLT_1.21.0/GNU-tools-for-STM32/bin/../lib/gcc/arm-none-eabi/14.3.1/../../../../arm-none-eabi/lib/thumb/v7e-m+dp/hard/libc_nano.a(libc_a-exit.o)
                              /opt/ST/STM32CubeCLT_1.21.0/GNU-tools-for-STM32/bin/../lib/gcc/arm-none-eabi/14.3.1/../../../../arm-none-eabi/lib/thumb/v7e-m+dp/hard/crt0.o (exit)
/opt/ST/STM32CubeCLT_1.21.0/GNU-tools-for-STM32/bin/../lib/gcc/arm-none-eabi/14.3.1/../../../../arm-none-eabi/lib/thumb/v7e-m+dp/hard/libc_nano.a(libc_a-findfp.o)
                              /opt/ST/STM32CubeCLT_1.21.0/GNU-tools-for-STM32/bin/../lib/gcc/arm-none-eabi/14.3.1/../../../../arm-none-eabi/lib/thumb/v7e-m+dp/hard/libc_nano.a(libc_a-exit.o) (__stdio_exit_handler)
/opt/ST/STM32CubeCLT_1.21.0/GNU-tools-for-STM32/bin/../lib/gcc/arm-none-eabi/14.3.1/../../../../arm-none-eabi/lib/thumb/v7e-m+dp/hard/libc_nano.a(libc_a-fwalk.o)
                              /opt/ST/STM32CubeCLT_1.21.0/GNU-tools-for-STM32/bin/../lib/gcc/arm-none-eabi/14.3.1/../../../../arm-none-eabi/lib/thumb/v7e-m+dp/hard/libc_nano.a(libc_a-findfp.o) (_fwalk_sglue)
/opt/ST/STM32CubeCLT_1.21.0/GNU-tools-for-STM32/bin/../lib/gcc/arm-none-eabi/14.3.1/../../../../arm-none-eabi/lib/thumb/v7e-m+dp/hard/libc_nano.a(libc_a-memset.o)
                              /opt/ST/STM32CubeCLT_1.21.0/GNU-tools-for-STM32/bin/../lib/gcc/arm-none-eabi/14.3.1/../../../../arm-none-eabi/lib/thumb/v7e-m+dp/hard/crt0.o (memset)
/opt/ST/STM32CubeCLT_1.21.0/GNU-tools-for-STM32/bin/../lib/gcc/arm-none-eabi/14.3.1/../../../../arm-none-eabi/lib/thumb/v7e-m+dp/hard/libc_nano.a(libc_a-errno.o)
                              build/Core/Src/syscalls.o (__errno)
/opt/ST/STM32CubeCLT_1.21.0/GNU-tools-for-STM32/bin/../lib/gcc/arm-none-eabi/14.3.1/../../../../arm-none-eabi/lib/thumb/v7e-m+dp/hard/libc_nano.a(libc_a-init.o)
                              /opt/ST/STM32CubeCLT_1.21.0/GNU-tools-for-STM32/bin/../lib/gcc/arm-none-eabi/14.3.1/../../../../arm-none-eabi/lib/thumb/v7e-m+dp/hard/crt0.o (__libc_init_array)
/opt/ST/STM32CubeCLT_1.21.0/GNU-tools-for-STM32/bin/../lib/gcc/arm-none-eabi/14.3.1/../../../../arm-none-eabi/lib/thumb/v7e-m+dp/hard/libc_nano.a(libc_a-lock.o)
                              /opt/ST/STM32CubeCLT_1.21.0/GNU-tools-for-STM32/bin/../lib/gcc/arm-none-eabi/14.3.1/../../../../arm-none-eabi/lib/thumb/v7e-m+dp/hard/libc_nano.a(libc_a-findfp.o) (__retarget_lock_init_recursive)
/opt/ST/STM32CubeCLT_1.21.0/GNU-tools-for-STM32/bin/../lib/gcc/arm-none-eabi/14.3.1/../../../../arm-none-eabi/lib/thumb/v7e-m+dp/hard/libc_nano.a(libc_a-impure.o)
                              /opt/ST/STM32CubeCLT_1.21.0/GNU-tools-for-STM32/bin/../lib/gcc/arm-none-eabi/14.3.1/../../../../arm-none-eabi/lib/thumb/v7e-m+dp/hard/libc_nano.a(libc_a-errno.o) (_impure_ptr)
/opt/ST/STM32CubeCLT_1.21.0/GNU-tools-for-STM32/bin/../lib/gcc/arm-none-eabi/14.3.1/../../../../arm-none-eabi/lib/thumb/v7e-m+dp/hard/libc_nano.a(libc_a-mallocr.o)
                              /opt/ST/STM32CubeCLT_1.21.0/GNU-tools-for-STM32/bin/../lib/gcc/arm-none-eabi/14.3.1/../../../../arm-none-eabi/lib/thumb/v7e-m+dp/hard/libc_nano.a(libc_a-findfp.o) (_malloc_r)
/opt/ST/STM32CubeCLT_1.21.0/GNU-tools-for-STM32/bin/../lib/gcc/arm-none-eabi/14.3.1/../../../../arm-none-eabi/lib/thumb/v7e-m+dp/hard/libc_nano.a(libc_a-fflush.o)
                              /opt/ST/STM32CubeCLT_1.21.0/GNU-tools-for-STM32/bin/../lib/gcc/arm-none-eabi/14.3.1/../../../../arm-none-eabi/lib/thumb/v7e-m+dp/hard/libc_nano.a(libc_a-findfp.o) (_fflush_r)
/opt/ST/STM32CubeCLT_1.21.0/GNU-tools-for-STM32/bin/../lib/gcc/arm-none-eabi/14.3.1/../../../../arm-none-eabi/lib/thumb/v7e-m+dp/hard/libc_nano.a(libc_a-mlock.o)
                              /opt/ST/STM32CubeCLT_1.21.0/GNU-tools-for-STM32/bin/../lib/gcc/arm-none-eabi/14.3.1/../../../../arm-none-eabi/lib/thumb/v7e-m+dp/hard/libc_nano.a(libc_a-mallocr.o) (__malloc_lock)
/opt/ST/STM32CubeCLT_1.21.0/GNU-tools-for-STM32/bin/../lib/gcc/arm-none-eabi/14.3.1/../../../../arm-none-eabi/lib/thumb/v7e-m+dp/hard/libc_nano.a(libc_a-stdio.o)
[...]
Memory Configuration

Name             Origin             Length             Attributes
FLASH            0x08000000         0x00200000         xr
DTCMRAM          0x20000000         0x00020000         xrw
RAM_D1           0x24000000         0x00080000         xrw
RAM_D2           0x30000000         0x00048000         xrw
RAM_D3           0x38000000         0x00010000         xrw
ITCMRAM          0x00000000         0x00010000         xrw
*default*        0x00000000         0xffffffff

Linker script and memory map

LOAD /opt/ST/STM32CubeCLT_1.21.0/GNU-tools-for-STM32/bin/../lib/gcc/arm-none-eabi/14.3.1/thumb/v7e-m+dp/hard/crti.o
LOAD /opt/ST/STM32CubeCLT_1.21.0/GNU-tools-for-STM32/bin/../lib/gcc/arm-none-eabi/14.3.1/thumb/v7e-m+dp/hard/crtbegin.o
LOAD /opt/ST/STM32CubeCLT_1.21.0/GNU-tools-for-STM32/bin/../lib/gcc/arm-none-eabi/14.3.1/../../../../arm-none-eabi/lib/thumb/v7e-m+dp/hard/crt0.o
LOAD build/Core/Src/main.o
LOAD build/Core/Src/gpio.o
LOAD build/Core/Src/dma.o
LOAD build/Core/Src/i2c.o
LOAD build/Core/Src/spi.o
LOAD build/Core/Src/usart.o
LOAD build/Core/Src/stm32h7xx_it.o
LOAD build/Core/Src/stm32h7xx_hal_msp.o
LOAD build/USB_DEVICE/App/usb_device.o
LOAD build/USB_DEVICE/Target/usbd_conf.o
LOAD build/USB_DEVICE/App/usbd_desc.o
LOAD build/USB_DEVICE/App/usbd_cdc_if.o
LOAD build/Drivers/STM32H7xx_HAL_Driver/Src/stm32h7xx_hal_pcd.o
LOAD build/Drivers/STM32H7xx_HAL_Driver/Src/stm32h7xx_hal_pcd_ex.o
LOAD build/Drivers/STM32H7xx_HAL_Driver/Src/stm32h7xx_ll_usb.o
LOAD build/Drivers/STM32H7xx_HAL_Driver/Src/stm32h7xx_hal_rcc.o
LOAD build/Drivers/STM32H7xx_HAL_Driver/Src/stm32h7xx_hal_rcc_ex.o
LOAD build/Drivers/STM32H7xx_HAL_Driver/Src/stm32h7xx_hal_flash.o
LOAD build/Drivers/STM32H7xx_HAL_Driver/Src/stm32h7xx_hal_flash_ex.o
LOAD build/Drivers/STM32H7xx_HAL_Driver/Src/stm32h7xx_hal_gpio.o
LOAD build/Drivers/STM32H7xx_HAL_Driver/Src/stm32h7xx_hal_hsem.o
LOAD build/Drivers/STM32H7xx_HAL_Driver/Src/stm32h7xx_hal_dma.o
LOAD build/Drivers/STM32H7xx_HAL_Driver/Src/stm32h7xx_hal_dma_ex.o
LOAD build/Drivers/STM32H7xx_HAL_Driver/Src/stm32h7xx_hal_mdma.o
LOAD build/Drivers/STM32H7xx_HAL_Driver/Src/stm32h7xx_hal_pwr.o
LOAD build/Drivers/STM32H7xx_HAL_Driver/Src/stm32h7xx_hal_pwr_ex.o
LOAD build/Drivers/STM32H7xx_HAL_Driver/Src/stm32h7xx_hal_cortex.o
LOAD build/Drivers/STM32H7xx_HAL_Driver/Src/stm32h7xx_hal.o
LOAD build/Drivers/STM32H7xx_HAL_Driver/Src/stm32h7xx_hal_i2c.o
LOAD build/Drivers/STM32H7xx_HAL_Driver/Src/stm32h7xx_hal_i2c_ex.o
LOAD build/Drivers/STM32H7xx_HAL_Driver/Src/stm32h7xx_hal_exti.o
LOAD build/Drivers/STM32H7xx_HAL_Driver/Src/stm32h7xx_hal_spi.o
LOAD build/Drivers/STM32H7xx_HAL_Driver/Src/stm32h7xx_hal_spi_ex.o
LOAD build/Drivers/STM32H7xx_HAL_Driver/Src/stm32h7xx_hal_tim.o
LOAD build/Drivers/STM32H7xx_HAL_Driver/Src/stm32h7xx_hal_tim_ex.o
LOAD build/Drivers/STM32H7xx_HAL_Driver/Src/stm32h7xx_hal_uart.o
LOAD build/Drivers/STM32H7xx_HAL_Driver/Src/stm32h7xx_hal_uart_ex.o
LOAD build/Middlewares/ST/STM32_USB_Device_Library/Core/Src/usbd_core.o
LOAD build/Middlewares/ST/STM32_USB_Device_Library/Core/Src/usbd_ctlreq.o
LOAD build/Middlewares/ST/STM32_USB_Device_Library/Core/Src/usbd_ioreq.o
LOAD build/Middlewares/ST/STM32_USB_Device_Library/Class/CDC/Src/usbd_cdc.o
LOAD build/Core/Src/system_stm32h7xx.o
LOAD build/Core/Src/syscalls.o
LOAD build/Core/Src/sysmem.o
LOAD build/Core/Startup/startup_stm32h743vitx.o
START GROUP
LOAD /opt/ST/STM32CubeCLT_1.21.0/GNU-tools-for-STM32/bin/../lib/gcc/arm-none-eabi/14.3.1/thumb/v7e-m+dp/hard/libgcc.a
LOAD /opt/ST/STM32CubeCLT_1.21.0/GNU-tools-for-STM32/bin/../lib/gcc/arm-none-eabi/14.3.1/../../../../arm-none-eabi/lib/thumb/v7e-m+dp/hard/libc_nano.a
END GROUP
START GROUP
LOAD /opt/ST/STM32CubeCLT_1.21.0/GNU-tools-for-STM32/bin/../lib/gcc/arm-none-eabi/14.3.1/thumb/v7e-m+dp/hard/libgcc.a
LOAD /opt/ST/STM32CubeCLT_1.21.0/GNU-tools-for-STM32/bin/../lib/gcc/arm-none-eabi/14.3.1/../../../../arm-none-eabi/lib/thumb/v7e-m+dp/hard/libc_nano.a
LOAD /opt/ST/STM32CubeCLT_1.21.0/GNU-tools-for-STM32/bin/../lib/gcc/arm-none-eabi/14.3.1/../../../../arm-none-eabi/lib/thumb/v7e-m+dp/hard/libnosys.a
END GROUP
START GROUP
LOAD /opt/ST/STM32CubeCLT_1.21.0/GNU-tools-for-STM32/bin/../lib/gcc/arm-none-eabi/14.3.1/thumb/v7e-m+dp/hard/libgcc.a
LOAD /opt/ST/STM32CubeCLT_1.21.0/GNU-tools-for-STM32/bin/../lib/gcc/arm-none-eabi/14.3.1/../../../../arm-none-eabi/lib/thumb/v7e-m+dp/hard/libc_nano.a
LOAD /opt/ST/STM32CubeCLT_1.21.0/GNU-tools-for-STM32/bin/../lib/gcc/arm-none-eabi/14.3.1/../../../../arm-none-eabi/lib/thumb/v7e-m+dp/hard/libnosys.a
END GROUP
LOAD /opt/ST/STM32CubeCLT_1.21.0/GNU-tools-for-STM32/bin/../lib/gcc/arm-none-eabi/14.3.1/thumb/v7e-m+dp/hard/crtend.o
LOAD /opt/ST/STM32CubeCLT_1.21.0/GNU-tools-for-STM32/bin/../lib/gcc/arm-none-eabi/14.3.1/thumb/v7e-m+dp/hard/crtn.o
                0x24080000                        _estack = (ORIGIN (RAM_D1) + LENGTH (RAM_D1))
                0x00000200                        _Min_Heap_Size = 0x200
                0x00000400                        _Min_Stack_Size = 0x400

.isr_vector     0x08000000      0x298
                0x08000000                        . = ALIGN (0x4)
 *(.isr_vector)
 .isr_vector    0x08000000      0x298 build/Core/Startup/startup_stm32h743vitx.o
                0x08000000                g_pfnVectors
                0x08000298                        . = ALIGN (0x4)

.text           0x08000298    0x137ac
                0x08000298                        . = ALIGN (0x4)
 *(.text)
 .text          0x08000298       0x40 /opt/ST/STM32CubeCLT_1.21.0/GNU-tools-for-STM32/bin/../lib/gcc/arm-none-eabi/14.3.1/thumb/v7e-m+dp/hard/crtbegin.o
 .text          0x080002d8      0x148 build/Core/Src/main.o
                0x0800032a                Error_Handler
                0x0800032e                SystemClock_Config
                0x080003f0                main
 .text          0x08000420      0x110 build/Core/Src/gpio.o
                0x08000420                MX_GPIO_Init
 .text          0x08000530       0x88 build/Core/Src/dma.o
                0x08000530                MX_DMA_Init
 .text          0x080005b8      0x670 build/Core/Src/i2c.o
                0x080005b8                MX_I2C1_Init
                0x08000610                MX_I2C2_Init
                0x08000670                MX_I2C3_Init
                0x080006e0                HAL_I2C_MspInit
                0x08000b38                HAL_I2C_MspDeInit
 .text          0x08000c28      0x138 build/Core/Src/spi.o
                0x08000c28                MX_SPI1_Init
                0x08000c7c                HAL_SPI_MspInit
                0x08000d28                HAL_SPI_MspDeInit
 .text          0x08000d60      0x134 build/Core/Src/usart.o
                0x08000d60                MX_USART1_UART_Init
                0x08000dc8                HAL_UART_MspInit
                0x08000e60                HAL_UART_MspDeInit
 .text          0x08000e94       0xf8 build/Core/Src/stm32h7xx_it.o
                0x08000e94                NMI_Handler
                0x08000e96                HardFault_Handler
                0x08000e98                MemManage_Handler
                0x08000e9a                BusFault_Handler
                0x08000e9c                UsageFault_Handler
                0x08000e9e                SVC_Handler
                0x08000ea0                DebugMon_Handler
                0x08000ea2                PendSV_Handler
                0x08000ea4                SysTick_Handler
                0x08000eac                DMA1_Stream0_IRQHandler
                0x08000ebc                DMA1_Stream1_IRQHandler
                0x08000ecc                DMA1_Stream2_IRQHandler
                0x08000edc                DMA1_Stream3_IRQHandler
                0x08000eec                DMA1_Stream4_IRQHandler
                0x08000efc                DMA1_Stream5_IRQHandler
                0x08000f0c                I2C1_EV_IRQHandler
                0x08000f1c                I2C1_ER_IRQHandler
                0x08000f2c                I2C2_EV_IRQHandler
                0x08000f3c                I2C2_ER_IRQHandler
                0x08000f4c                SPI1_IRQHandler
                0x08000f5c                I2C3_EV_IRQHandler
                0x08000f6c                I2C3_ER_IRQHandler
                0x08000f7c                OTG_FS_IRQHandler
 .text          0x08000f8c       0x24 build/Core/Src/stm32h7xx_hal_msp.o
                0x08000f8c                HAL_MspInit
 .text          0x08000fb0       0x58 build/USB_DEVICE/App/usb_device.o
                0x08000fb0                MX_USB_DEVICE_Init
 .text          0x08001008      0x348 build/USB_DEVICE/Target/usbd_conf.o
                0x08001008                HAL_PCD_MspInit
                0x080010bc                HAL_PCD_MspDeInit
                0x080010f4                HAL_PCD_SetupStageCallback
                0x08001104                HAL_PCD_DataOutStageCallback
                0x0800111c                HAL_PCD_DataInStageCallback
                0x08001132                HAL_PCD_SOFCallback
                0x0800113e                HAL_PCD_ResetCallback
                0x08001166                HAL_PCD_SuspendCallback
                0x08001194                HAL_PCD_ResumeCallback
                0x080011a0                HAL_PCD_ISOOUTIncompleteCallback
                0x080011ac                HAL_PCD_ISOINIncompleteCallback
                0x080011b8                HAL_PCD_ConnectCallback
                0x080011c4                HAL_PCD_DisconnectCallback
                0x080011d0                USBD_LL_Init
                0x0800123c                USBD_LL_IsStallEP
                0x08001268                USBD_LL_GetRxDataSize
                0x08001274                USBD_static_malloc
                0x0800127c                USBD_static_free
                0x0800127e                USBD_LL_Delay
                0x08001286                USBD_Get_USB_Status
                0x0800129a                USBD_LL_DeInit
                0x080012aa                USBD_LL_Start
                0x080012ba                USBD_LL_Stop
                0x080012ca                USBD_LL_OpenEP
                0x080012e0                USBD_LL_CloseEP
                0x080012f0                USBD_LL_FlushEP
                0x08001300                USBD_LL_StallEP
                0x08001310                USBD_LL_ClearStallEP
                0x08001320                USBD_LL_SetUSBAddress
                0x08001330                USBD_LL_Transmit
                0x08001340                USBD_LL_PrepareReceive
 .text          0x08001350      0x130 build/USB_DEVICE/App/usbd_desc.o
                0x08001350                USBD_FS_DeviceDescriptor
                0x0800135c                USBD_FS_LangIDStrDescriptor
                0x080013e4                USBD_FS_SerialStrDescriptor
                0x080013f8                USBD_FS_ProductStrDescriptor
                0x0800141c                USBD_FS_ManufacturerStrDescriptor
                0x08001438                USBD_FS_ConfigStrDescriptor
                0x0800145c                USBD_FS_InterfaceStrDescriptor
 .text          0x08001480       0x7c build/USB_DEVICE/App/usbd_cdc_if.o
                0x080014d0                CDC_Transmit_FS
 .text          0x080014fc      0xdfc build/Drivers/STM32H7xx_HAL_Driver/Src/stm32h7xx_hal_pcd.o
                0x080015ce                HAL_PCD_Init
                0x080016d2                HAL_PCD_DeInit
                0x08001700                HAL_PCD_Start
                0x08001744                HAL_PCD_Stop
                0x080018fc                HAL_PCD_DevConnect
                0x0800193a                HAL_PCD_DevDisconnect
                0x08001978                HAL_PCD_SetAddress
                0x0800199e                HAL_PCD_EP_Open
                0x08001a2a                HAL_PCD_EP_Close
                0x08001a9a                HAL_PCD_EP_Receive
                0x08001ae4                HAL_PCD_EP_GetRxCount
                0x08001af6                HAL_PCD_EP_Transmit
                0x08001b40                HAL_PCD_EP_SetStall
                0x08001bc6                HAL_PCD_EP_ClrStall
                0x08001c3a                HAL_PCD_EP_Abort
                0x08001c6e                HAL_PCD_IRQHandler
                0x08002282                HAL_PCD_EP_Flush
                0x080022b8                HAL_PCD_ActivateRemoteWakeup
                0x080022c2                HAL_PCD_DeActivateRemoteWakeup
                0x080022cc                HAL_PCD_GetState
                0x080022d2                HAL_PCD_SetTestMode
 .text          0x080022f8      0x1a8 build/Drivers/STM32H7xx_HAL_Driver/Src/stm32h7xx_hal_pcd_ex.o
                0x080022f8                HAL_PCDEx_SetTxFiFo
                0x08002344                HAL_PCDEx_SetRxFiFo
                0x0800234c                HAL_PCDEx_ActivateLPM
                0x08002374                HAL_PCDEx_DeActivateLPM
                0x08002394                HAL_PCDEx_ActivateBCD
                0x080023c0                HAL_PCDEx_DeActivateBCD
                0x080023e4                HAL_PCDEx_LPM_Callback
                0x080023e6                HAL_PCDEx_BCD_Callback
                0x080023e8                HAL_PCDEx_BCD_VBUSDetect
 .text          0x080024a0     0x103c build/Drivers/STM32H7xx_HAL_Driver/Src/stm32h7xx_ll_usb.o
                0x080024f8                USB_CoreInit
                0x080025a4                USB_SetTurnaroundTime
                0x08002688                USB_EnableGlobalInt
                0x08002694                USB_DisableGlobalInt
                0x080026a0                USB_FlushTxFifo
                0x080026ea                USB_FlushRxFifo
                0x08002730                USB_SetDevSpeed
                0x0800273e                USB_DevInit
                0x080028cc                USB_GetDevSpeed
                0x080028ee                USB_ActivateEndpoint
                0x08002984                USB_ActivateDedicatedEndpoint
                0x08002a24                USB_DeactivateEndpoint
                0x08002b04                USB_DeactivateDedicatedEndpoint
                0x08002ba4                USB_EPStopXfer
                0x08002cde                USB_EPSetStall
                0x08002d38                USB_EPClearStall
                0x08002d94                USB_WritePacket
                0x08002dc2                USB_EPStartXfer
                0x08003004                USB_ReadPacket
                0x0800304a                USB_StopDevice
                0x0800308a                USB_SetDevAddress
                0x080030aa                USB_DevConnect
                0x080030c6                USB_DevDisconnect
                0x080030e2                USB_ReadInterrupts
                0x080030ea                USB_ReadChInterrupts
                0x080030fc                USB_ReadDevAllOutEpInterrupt
                0x0800310c                USB_ReadDevAllInEpInterrupt
                0x0800311c                USB_ReadDevOutEPInterrupt
                0x0800312e                USB_ReadDevInEPInterrupt
                0x08003152                USB_ClearInterrupts
                0x0800315a                USB_GetMode
                0x08003162                USB_SetCurrentMode
                0x080031c4                USB_ActivateSetup
                0x080031e0                USB_EP0_OutStart
                0x08003240                USB_HostInit
                0x08003318                USB_InitFSLSPClkSel
                0x0800335a                USB_ResetPort
                0x08003398                USB_DriveVbus
                0x080033de                USB_GetHostSpeed
                0x080033f4                USB_GetCurrentFrame
                0x080033fe                USB_DoPing
                0x08003420                USB_StopHost
                0x080034b2                USB_ActivateRemoteWakeup
                0x080034cc                USB_DeActivateRemoteWakeup
 .text          0x080034dc     0x1024 build/Drivers/STM32H7xx_HAL_Driver/Src/stm32h7xx_hal_rcc.o
                0x080034dc                HAL_RCC_DeInit
                0x080036a8                HAL_RCC_OscConfig
                0x08003d58                HAL_RCC_MCOConfig
                0x08003dfc                HAL_RCC_EnableCSS
                0x08003e0c                HAL_RCC_DisableCSS
                0x08003e1c                HAL_RCC_GetSysClockFreq
                0x08004014                HAL_RCC_ClockConfig
                0x080042a8                HAL_RCC_GetHCLKFreq
                0x080042ec                HAL_RCC_GetPCLK1Freq
                0x08004310                HAL_RCC_GetPCLK2Freq
                0x08004334                HAL_RCC_GetOscConfig
                0x08004488                HAL_RCC_GetClockConfig
                0x080044dc                HAL_RCC_CSSCallback
                0x080044de                HAL_RCC_NMI_IRQHandler
 .text          0x08004500     0x1ec0 build/Drivers/STM32H7xx_HAL_Driver/Src/stm32h7xx_hal_rcc_ex.o
                0x08004710                HAL_RCCEx_PeriphCLKConfig
                0x080051c8                HAL_RCCEx_GetPeriphCLKConfig
                0x080053bc                HAL_RCCEx_GetD1PCLK1Freq
                0x080053e0                HAL_RCCEx_GetD3PCLK1Freq
                0x08005404                HAL_RCCEx_GetPLL2ClockFreq
                0x08005604                HAL_RCCEx_GetPLL3ClockFreq
                0x08005804                HAL_RCCEx_GetPLL1ClockFreq
                0x08005a04                HAL_RCCEx_GetPeriphCLKFreq
                0x080060e0                HAL_RCCEx_GetD1SysClockFreq
                0x08006124                HAL_RCCEx_EnableLSECSS
                0x08006134                HAL_RCCEx_DisableLSECSS
                0x0800614c                HAL_RCCEx_EnableLSECSS_IT
                0x0800617c                HAL_RCCEx_WakeUpStopCLKConfig
                0x08006190                HAL_RCCEx_KerWakeUpStopCLKConfig
                0x080061a4                HAL_RCCEx_WWDGxSysResetConfig
                0x080061b8                HAL_RCCEx_CRSConfig
                0x0800622c                HAL_RCCEx_CRSSoftwareSynchronizationGenerate
                0x0800623c                HAL_RCCEx_CRSGetSynchronizationInfo
                0x08006260                HAL_RCCEx_CRSWaitSynchronization
                0x0800630c                HAL_RCCEx_CRS_SyncOkCallback
                0x0800630e                HAL_RCCEx_CRS_SyncWarnCallback
                0x08006310                HAL_RCCEx_CRS_ExpectedSyncCallback
                0x08006312                HAL_RCCEx_CRS_ErrorCallback
                0x08006314                HAL_RCCEx_CRS_IRQHandler
                0x0800639c                HAL_RCCEx_LSECSS_Callback
                0x0800639e                HAL_RCCEx_LSECSS_IRQHandler
 .text          0x080063c0      0x3f8 build/Drivers/STM32H7xx_HAL_Driver/Src/stm32h7xx_hal_gpio.o
                0x080063c0                HAL_GPIO_Init
                0x080065ec                HAL_GPIO_DeInit
                0x0800673c                HAL_GPIO_ReadPin
                0x0800674a                HAL_GPIO_WritePin
                0x08006756                HAL_GPIO_TogglePin
                0x08006768                HAL_GPIO_LockPin
                0x08006796                HAL_GPIO_EXTI_Callback
                0x08006798                HAL_GPIO_EXTI_IRQHandler
 .text          0x080067b8     0x1f30 build/Drivers/STM32H7xx_HAL_Driver/Src/stm32h7xx_hal_dma.o
                0x08006bd8                HAL_DMA_Init
                0x08006f7c                HAL_DMA_DeInit
                0x08007150                HAL_DMA_Start
                0x08007294                HAL_DMA_Start_IT
                0x08007528                HAL_DMA_Abort
                0x08007864                HAL_DMA_Abort_IT
                0x08007a80                HAL_DMA_PollForTransfer
                0x08007ed0                HAL_DMA_IRQHandler
                0x08008604                HAL_DMA_RegisterCallback
                0x08008668                HAL_DMA_UnRegisterCallback
                0x080086de                HAL_DMA_GetState
                0x080086e4                HAL_DMA_GetError
 .text          0x080086e8      0x214 build/Drivers/STM32H7xx_HAL_Driver/Src/stm32h7xx_hal_pwr.o
                0x080086e8                HAL_PWR_DeInit
                0x080086ea                HAL_PWR_EnableBkUpAccess
                0x080086fc                HAL_PWR_DisableBkUpAccess
                0x0800870c                HAL_PWR_ConfigPVD
                0x080087ac                HAL_PWR_EnablePVD
                0x080087bc                HAL_PWR_DisablePVD
                0x080087cc                HAL_PWR_EnableWakeUpPin
                0x080087e4                HAL_PWR_DisableWakeUpPin
                0x080087f8                HAL_PWR_EnterSLEEPMode
                0x08008814                HAL_PWR_EnterSTOPMode
                0x08008860                HAL_PWR_EnterSTANDBYMode
                0x08008890                HAL_PWR_EnableSleepOnExit
                0x080088a0                HAL_PWR_DisableSleepOnExit
                0x080088b0                HAL_PWR_EnableSEVOnPend
                0x080088c0                HAL_PWR_DisableSEVOnPend
                0x080088d0                HAL_PWR_PVDCallback
                0x080088d2                HAL_PWR_PVD_IRQHandler
 .text          0x080088fc      0x678 build/Drivers/STM32H7xx_HAL_Driver/Src/stm32h7xx_hal_pwr_ex.o
                0x080088fc                HAL_PWREx_ConfigSupply
                0x08008950                HAL_PWREx_GetSupplyConfig
                0x08008960                HAL_PWREx_ControlVoltageScaling
                0x08008a34                HAL_PWREx_GetVoltageRange
                0x08008a44                HAL_PWREx_ControlStopModeVoltageScaling
                0x08008a58                HAL_PWREx_GetStopModeVoltageRange
                0x08008a68                HAL_PWREx_EnterSTOPMode
                0x08008ad0                HAL_PWREx_ClearPendingEvent
                0x08008ad4                HAL_PWREx_EnterSTANDBYMode
                0x08008b14                HAL_PWREx_ConfigD3Domain
                0x08008b28                HAL_PWREx_EnableFlashPowerDown
                0x08008b38                HAL_PWREx_DisableFlashPowerDown
                0x08008b48                HAL_PWREx_EnableWakeUpPin
                0x08008bf0                HAL_PWREx_DisableWakeUpPin
                0x08008c00                HAL_PWREx_GetWakeupFlag
                0x08008c0c                HAL_PWREx_ClearWakeupFlag
                0x08008c28                HAL_PWREx_WKUP1_Callback
                0x08008c2a                HAL_PWREx_WKUP2_Callback
                0x08008c2c                HAL_PWREx_WKUP3_Callback
                0x08008c2e                HAL_PWREx_WKUP4_Callback
                0x08008c30                HAL_PWREx_WKUP5_Callback
                0x08008c32                HAL_PWREx_WKUP6_Callback
                0x08008c34                HAL_PWREx_WAKEUP_PIN_IRQHandler
                0x08008ccc                HAL_PWREx_EnableBkUpReg
                0x08008d00                HAL_PWREx_DisableBkUpReg
                0x08008d34                HAL_PWREx_EnableUSBReg
                0x08008d68                HAL_PWREx_DisableUSBReg
                0x08008d9c                HAL_PWREx_EnableUSBVoltageDetector
                0x08008dac                HAL_PWREx_DisableUSBVoltageDetector
                0x08008dbc                HAL_PWREx_EnableBatteryCharging
                0x08008dd8                HAL_PWREx_DisableBatteryCharging
                0x08008de8                HAL_PWREx_EnableMonitoring
                0x08008df8                HAL_PWREx_DisableMonitoring
                0x08008e08                HAL_PWREx_GetTemperatureLevel
                0x08008e24                HAL_PWREx_GetVBATLevel
                0x08008e40                HAL_PWREx_ConfigAVD
                0x08008ed8                HAL_PWREx_EnableAVD
                0x08008ee8                HAL_PWREx_DisableAVD
                0x08008ef8                HAL_PWREx_AVDCallback
                0x08008efa                HAL_PWREx_PVD_AVD_IRQHandler
 .text          0x08008f74      0x340 build/Drivers/STM32H7xx_HAL_Driver/Src/stm32h7xx_hal_cortex.o
                0x08009094                HAL_NVIC_SetPriorityGrouping
                0x080090b8                HAL_NVIC_SetPriority
                0x080090d8                HAL_NVIC_EnableIRQ
                0x080090e0                HAL_NVIC_DisableIRQ
                0x080090e8                HAL_NVIC_SystemReset
                0x080090ee                HAL_SYSTICK_Config
                0x08009118                HAL_MPU_Disable
                0x08009134                HAL_MPU_Enable
                0x08009154                HAL_MPU_EnableRegion
                0x0800916c                HAL_MPU_DisableRegion
                0x08009184                HAL_MPU_ConfigRegion
                0x080091dc                HAL_NVIC_GetPriorityGrouping
                0x080091ec                HAL_NVIC_GetPriority
                0x08009204                HAL_NVIC_SetPendingIRQ
                0x08009220                HAL_NVIC_GetPendingIRQ
                0x08009244                HAL_NVIC_ClearPendingIRQ
                0x08009260                HAL_NVIC_GetActive
                0x08009284                HAL_SYSTICK_CLKSourceConfig
                0x080092a4                HAL_SYSTICK_Callback
                0x080092a6                HAL_SYSTICK_IRQHandler
                0x080092ae                HAL_GetCurrentCPUID
 .text          0x080092b4      0x58c build/Drivers/STM32H7xx_HAL_Driver/Src/stm32h7xx_hal.o
                0x080092b6                HAL_MspDeInit
                0x080092b8                HAL_DeInit
                0x0800933c                HAL_InitTick
                0x08009388                HAL_Init
                0x080093e4                HAL_IncTick
                0x080093fc                HAL_GetTick
                0x08009408                HAL_GetTickPrio
                0x08009414                HAL_SetTickFreq
                0x08009438                HAL_GetTickFreq
                0x08009444                HAL_Delay
                0x0800946c                HAL_SuspendTick
                0x0800947a                HAL_ResumeTick
                0x08009488                HAL_GetHalVersion
                0x08009490                HAL_GetREVID
                0x0800949c                HAL_GetDEVID
                0x080094ac                HAL_GetUIDw0
                0x080094b8                HAL_GetUIDw1
                0x080094c4                HAL_GetUIDw2
                0x080094d0                HAL_SYSCFG_VREFBUF_VoltageScalingConfig
                0x080094e4                HAL_SYSCFG_VREFBUF_HighImpedanceConfig
                0x080094f8                HAL_SYSCFG_VREFBUF_TrimmingConfig
                0x0800950c                HAL_SYSCFG_EnableVREFBUF
                0x08009540                HAL_SYSCFG_DisableVREFBUF
                0x08009550                HAL_SYSCFG_ETHInterfaceSelect
                0x08009564                HAL_SYSCFG_AnalogSwitchConfig
                0x08009578                HAL_SYSCFG_EnableBOOST
                0x08009588                HAL_SYSCFG_DisableBOOST
                0x08009598                HAL_SYSCFG_CM7BootAddConfig
                0x080095c8                HAL_EnableCompensationCell
                0x080095d8                HAL_DisableCompensationCell
                0x080095e8                HAL_SYSCFG_EnableIOSpeedOptimize
                0x080095f8                HAL_SYSCFG_DisableIOSpeedOptimize
                0x08009608                HAL_SYSCFG_CompensationCodeSelect
                0x0800961c                HAL_SYSCFG_CompensationCodeConfig
                0x08009634                HAL_DBGMCU_EnableDBGSleepMode
                0x08009644                HAL_DBGMCU_DisableDBGSleepMode
                0x08009654                HAL_DBGMCU_EnableDBGStopMode
                0x08009664                HAL_DBGMCU_DisableDBGStopMode
                0x08009674                HAL_DBGMCU_EnableDBGStandbyMode
                0x08009684                HAL_DBGMCU_DisableDBGStandbyMode
                0x08009694                HAL_SetFMCMemorySwappingConfig
                0x080096a8                HAL_GetFMCMemorySwappingConfig
                0x080096b8                HAL_EXTI_EdgeConfig
                0x08009708                HAL_EXTI_GenerateSWInterrupt
                0x08009728                HAL_EXTI_D1_ClearFlag
                0x08009740                HAL_EXTI_D1_EventInputConfig
                0x080097c4                HAL_EXTI_D3_EventInputConfig
 .text          0x08009840     0x3bb8 build/Drivers/STM32H7xx_HAL_Driver/Src/stm32h7xx_hal_i2c.o
                0x08009dba                HAL_I2C_Init
                0x08009e86                HAL_I2C_DeInit
                0x08009eb8                HAL_I2C_Master_Transmit
                0x0800a05c                HAL_I2C_Master_Receive
                0x0800a1d4                HAL_I2C_Slave_Transmit
                0x0800a3c6                HAL_I2C_Slave_Receive
                0x0800a548                HAL_I2C_Master_Transmit_IT
                0x0800a610                HAL_I2C_Master_Receive_IT
                0x0800a6a8                HAL_I2C_Slave_Transmit_IT
                0x0800a734                HAL_I2C_Slave_Receive_IT
                0x0800a798                HAL_I2C_Master_Transmit_DMA
                0x0800a90c                HAL_I2C_Master_Receive_DMA
                0x0800aa5c                HAL_I2C_Slave_Transmit_DMA
                0x0800ab98                HAL_I2C_Slave_Receive_DMA
                0x0800ac88                HAL_I2C_Mem_Write
                0x0800ae30                HAL_I2C_Mem_Read
                0x0800afe0                HAL_I2C_Mem_Write_IT
                0x0800b098                HAL_I2C_Mem_Read_IT
                0x0800b14c                HAL_I2C_Mem_Write_DMA
                0x0800b280                HAL_I2C_Mem_Read_DMA
                0x0800b3b4                HAL_I2C_IsDeviceReady
                0x0800b500                HAL_I2C_Master_Seq_Transmit_IT
                0x0800b60c                HAL_I2C_Master_Seq_Transmit_DMA
                0x0800b7f0                HAL_I2C_Master_Seq_Receive_IT
                0x0800b8a0                HAL_I2C_Master_Seq_Receive_DMA
                0x0800ba10                HAL_I2C_Slave_Seq_Transmit_IT
                0x0800baf0                HAL_I2C_Slave_Seq_Transmit_DMA
                0x0800bc98                HAL_I2C_Slave_Seq_Receive_IT
                0x0800bd78                HAL_I2C_Slave_Seq_Receive_DMA
                0x0800bf20                HAL_I2C_EnableListen_IT
                0x0800bf48                HAL_I2C_DisableListen_IT
                0x0800bf80                HAL_I2C_Master_Abort_IT
                0x0800c004                HAL_I2C_EV_IRQHandler
                0x0800c014                HAL_I2C_MasterTxCpltCallback
                0x0800c016                HAL_I2C_MasterRxCpltCallback
                0x0800c06a                HAL_I2C_SlaveTxCpltCallback
                0x0800c06c                HAL_I2C_SlaveRxCpltCallback
                0x0800c1b0                HAL_I2C_AddrCallback
                0x0800c252                HAL_I2C_ListenCpltCallback
                0x0800c2bc                HAL_I2C_MemTxCpltCallback
                0x0800c2be                HAL_I2C_MemRxCpltCallback
                0x0800c2c0                HAL_I2C_ErrorCallback
                0x0800c2c2                HAL_I2C_AbortCpltCallback
                0x0800d364                HAL_I2C_ER_IRQHandler
                0x0800d3e8                HAL_I2C_GetState
                0x0800d3ee                HAL_I2C_GetMode
                0x0800d3f4                HAL_I2C_GetError
 .text          0x0800d3f8      0x1b8 build/Drivers/STM32H7xx_HAL_Driver/Src/stm32h7xx_hal_i2c_ex.o
                0x0800d3f8                HAL_I2CEx_ConfigAnalogFilter
                0x0800d452                HAL_I2CEx_ConfigDigitalFilter
                0x0800d4a8                HAL_I2CEx_EnableWakeUp
                0x0800d4fa                HAL_I2CEx_DisableWakeUp
                0x0800d54c                HAL_I2CEx_EnableFastModePlus
                0x0800d57c                HAL_I2CEx_DisableFastModePlus
 .text          0x0800d5b0     0x1f34 build/Drivers/STM32H7xx_HAL_Driver/Src/stm32h7xx_hal_spi.o
                0x0800d876                HAL_SPI_Init
                0x0800da0a                HAL_SPI_DeInit
                0x0800da38                HAL_SPI_Transmit
                0x0800dcf8                HAL_SPI_Receive
                0x0800e094                HAL_SPI_TransmitReceive
                0x0800e52c                HAL_SPI_Transmit_IT
                0x0800e604                HAL_SPI_Receive_IT
                0x0800e6e0                HAL_SPI_TransmitReceive_IT
                0x0800e878                HAL_SPI_Transmit_DMA
                0x0800ea34                HAL_SPI_Receive_DMA
                0x0800ebfc                HAL_SPI_TransmitReceive_DMA
                0x0800ee5c                HAL_SPI_Abort
                0x0800efa8                HAL_SPI_DMAPause
                0x0800efb8                HAL_SPI_DMAResume
                0x0800efc8                HAL_SPI_DMAStop
                0x0800efd8                HAL_SPI_TxCpltCallback
                0x0800f002                HAL_SPI_RxCpltCallback
                0x0800f02c                HAL_SPI_TxRxCpltCallback
                0x0800f056                HAL_SPI_TxHalfCpltCallback
                0x0800f062                HAL_SPI_RxHalfCpltCallback
                0x0800f06e                HAL_SPI_TxRxHalfCpltCallback
                0x0800f07a                HAL_SPI_ErrorCallback
                0x0800f0c4                HAL_SPI_AbortCpltCallback
                0x0800f0c6                HAL_SPI_Abort_IT
                0x0800f298                HAL_SPI_SuspendCallback
                0x0800f29a                HAL_SPI_IRQHandler
                0x0800f4d8                HAL_SPI_GetState
                0x0800f4de                HAL_SPI_GetError
 .text          0x0800f4e4     0x27d0 build/Drivers/STM32H7xx_HAL_Driver/Src/stm32h7xx_hal_uart.o
                0x0800f70c                HAL_UART_DeInit
                0x0800f746                HAL_UART_Transmit_IT
                0x0800f7f0                HAL_UART_Transmit_DMA
                0x0800f88c                HAL_UART_DMAPause
                0x0800f918                HAL_UART_DMAResume
                0x0800f994                HAL_UART_DMAStop
                0x0800fa46                HAL_UART_Abort
                0x0800fb60                HAL_UART_AbortTransmit
                0x0800fbf2                HAL_UART_AbortReceive
                0x0800fca8                HAL_UART_TxCpltCallback
                0x0800fd14                HAL_UART_TxHalfCpltCallback
                0x0800fd20                HAL_UART_RxCpltCallback
                0x0800fd22                HAL_UART_RxHalfCpltCallback
                0x0800fd24                HAL_UART_ErrorCallback
                0x0800fd7c                HAL_UART_AbortCpltCallback
                0x0800fd7e                HAL_UART_Abort_IT
                0x0800ff4c                HAL_UART_AbortTransmitCpltCallback
                0x0800ff4e                HAL_UART_AbortTransmit_IT
                0x08010018                HAL_UART_AbortReceiveCpltCallback
                0x0801001a                HAL_UART_AbortReceive_IT
                0x0801010c                HAL_UARTEx_RxEventCallback
                0x0801010e                HAL_UART_IRQHandler
                0x08010bf8                HAL_UART_ReceiverTimeout_Config
                0x08010c10                HAL_UART_EnableReceiverTimeout
                0x08010c5c                HAL_UART_DisableReceiverTimeout
                0x08010ca8                HAL_MultiProcessor_EnterMuteMode
                0x08010cb4                HAL_HalfDuplex_EnableTransmitter
                0x08010d00                HAL_HalfDuplex_EnableReceiver
                0x08010d4c                HAL_LIN_SendBreak
                0x08010d7e                HAL_UART_GetState
                0x08010d8a                HAL_UART_GetError
                0x08010d90                UART_SetConfig
                0x08011384                UART_AdvFeatureConfig
                0x0801144e                UART_WaitOnFlagUntilTimeout
                0x080114f4                HAL_UART_Transmit
                0x080115d4                HAL_UART_Receive
                0x080116f8                UART_CheckIdleState
                0x080117c2                HAL_UART_Init
                0x08011828                HAL_HalfDuplex_Init
                0x0801189a                HAL_LIN_Init
                0x08011930                HAL_MultiProcessor_Init
                0x080119be                HAL_MultiProcessor_EnableMuteMode
                0x080119f6                HAL_MultiProcessor_DisableMuteMode
                0x08011a2e                UART_Start_Receive_IT
                0x08011b6c                HAL_UART_Receive_IT
                0x08011bb8                UART_Start_Receive_DMA
                0x08011c68                HAL_UART_Receive_DMA
 .text          0x08011cb4      0x52c build/Drivers/STM32H7xx_HAL_Driver/Src/stm32h7xx_hal_uart_ex.o
                0x08011d28                HAL_RS485Ex_Init
                0x08011daa                HAL_UARTEx_WakeupCallback
                0x08011dac                HAL_UARTEx_RxFifoFullCallback
                0x08011dae                HAL_UARTEx_TxFifoEmptyCallback
                0x08011db0                HAL_MultiProcessorEx_AddressLength_Set
                0x08011de8                HAL_UARTEx_StopModeWakeUpSourceConfig
                0x08011e6a                HAL_UARTEx_EnableStopMode
                0x08011e98                HAL_UARTEx_DisableStopMode
                0x08011ec6                HAL_UARTEx_EnableFifoMode
                0x08011f0e                HAL_UARTEx_DisableFifoMode
                0x08011f4c                HAL_UARTEx_SetTxFifoThreshold
                0x08011f96                HAL_UARTEx_SetRxFifoThreshold
                0x08011fe0                HAL_UARTEx_ReceiveToIdle
                0x0801213e                HAL_UARTEx_ReceiveToIdle_IT
                0x0801218c                HAL_UARTEx_ReceiveToIdle_DMA
                0x080121dc                HAL_UARTEx_GetRxEventType
 .text          0x080121e0      0x46c build/Middlewares/ST/STM32_USB_Device_Library/Core/Src/usbd_core.o
                0x080121e0                USBD_Init
                0x0801220e                USBD_DeInit
                0x08012240                USBD_RegisterClass
                0x08012280                USBD_Start
                0x08012288                USBD_Stop
                0x080122a2                USBD_RunTestMode
                0x080122a6                USBD_SetClassConfig
                0x080122b8                USBD_ClrClassConfig
                0x080122ca                USBD_LL_SetupStage
                0x08012322                USBD_LL_Reset
                0x08012388                USBD_LL_SetSpeed
                0x0801238e                USBD_LL_Suspend
                0x080123aa                USBD_LL_Resume
                0x080123c2                USBD_LL_SOF
                0x080123e2                USBD_LL_IsoINIncomplete
                0x0801240e                USBD_LL_IsoOUTIncomplete
                0x0801243a                USBD_LL_DevConnected
                0x0801243e                USBD_LL_DevDisconnected
                0x0801245e                USBD_CoreFindIF
                0x08012462                USBD_CoreFindEP
                0x08012466                USBD_LL_DataOutStage
                0x0801252c                USBD_LL_DataInStage
                0x08012600                USBD_GetNextDesc
                0x0801260e                USBD_GetEpDesc
 .text          0x0801264c      0x75c build/Middlewares/ST/STM32_USB_Device_Library/Core/Src/usbd_ctlreq.o
                0x08012660                USBD_ParseSetupRequest
                0x08012688                USBD_CtlError
                0x08012a2c                USBD_StdDevReq
                0x08012aa2                USBD_StdItfReq
                0x08012b26                USBD_StdEPReq
                0x08012d62                USBD_GetString
 .text          0x08012da8       0x92 build/Middlewares/ST/STM32_USB_Device_Library/Core/Src/usbd_ioreq.o
                0x08012da8                USBD_CtlSendData
                0x08012dc4                USBD_CtlContinueSendData
                0x08012dd4                USBD_CtlPrepareRx
                0x08012df6                USBD_CtlContinueRx
                0x08012e06                USBD_CtlSendStatus
                0x08012e1c                USBD_CtlReceiveStatus
                0x08012e32                USBD_GetRxCount
 *fill*         0x08012e3a        0x2 
 .text          0x08012e3c      0x4f8 build/Middlewares/ST/STM32_USB_Device_Library/Class/CDC/Src/usbd_cdc.o
                0x08012e7c                USBD_CDC_GetDeviceQualifierDescriptor
                0x0801327a                USBD_CDC_RegisterInterface
                0x08013290                USBD_CDC_SetTxBuffer
                0x080132ac                USBD_CDC_SetRxBuffer
                0x080132c4                USBD_CDC_TransmitPacket
                0x080132fa                USBD_CDC_ReceivePacket
 .text          0x08013334      0x31c build/Core/Src/system_stm32h7xx.o
                0x08013334                SystemInit
                0x08013424                SystemCoreClockUpdate
                0x08013638                ExitRun0Mode
 .text          0x08013650       0x30 /opt/ST/STM32CubeCLT_1.21.0/GNU-tools-for-STM32/bin/../lib/gcc/arm-none-eabi/14.3.1/thumb/v7e-m+dp/hard/libgcc.a(_aeabi_uldivmod.o)
                0x08013650                __aeabi_uldivmod
 .text          0x08013680      0x2f8 /opt/ST/STM32CubeCLT_1.21.0/GNU-tools-for-STM32/bin/../lib/gcc/arm-none-eabi/14.3.1/thumb/v7e-m+dp/hard/libgcc.a(_udivmoddi4.o)
                0x08013680                __udivmoddi4
 .text          0x08013978        0x4 /opt/ST/STM32CubeCLT_1.21.0/GNU-tools-for-STM32/bin/../lib/gcc/arm-none-eabi/14.3.1/thumb/v7e-m+dp/hard/libgcc.a(_dvmd_tls.o)
                0x08013978                __aeabi_ldiv0
                0x08013978                __aeabi_idiv0
 *(.text*)
 .text.Reset_Handler
                0x0801397c       0x54 build/Core/Startup/startup_stm32h743vitx.o
                0x0801397c                Reset_Handler
 .text.Default_Handler
                0x080139d0        0x2 build/Core/Startup/startup_stm32h743vitx.o
                0x080139d0                SAI1_IRQHandler
                0x080139d0                EXTI2_IRQHandler
                0x080139d0                TIM8_CC_IRQHandler
                0x080139d0                HRTIM1_Master_IRQHandler
                0x080139d0                UART8_IRQHandler
                0x080139d0                SPI4_IRQHandler
                0x080139d0                TIM1_CC_IRQHandler
                0x080139d0                BDMA_Channel6_IRQHandler
                0x080139d0                DMA2_Stream5_IRQHandler
                0x080139d0                HRTIM1_FLT_IRQHandler
                0x080139d0                JPEG_IRQHandler
                0x080139d0                BDMA_Channel1_IRQHandler
                0x080139d0                HRTIM1_TIMD_IRQHandler
                0x080139d0                TAMP_STAMP_IRQHandler
                0x080139d0                EXTI3_IRQHandler
                0x080139d0                LPTIM4_IRQHandler
                0x080139d0                TIM8_TRG_COM_TIM14_IRQHandler
                0x080139d0                LPTIM2_IRQHandler
                0x080139d0                DFSDM1_FLT1_IRQHandler
                0x080139d0                DMAMUX2_OVR_IRQHandler
                0x080139d0                TIM8_UP_TIM13_IRQHandler
                0x080139d0                DFSDM1_FLT2_IRQHandler
                0x080139d0                MDMA_IRQHandler
                0x080139d0                LPTIM3_IRQHandler
                0x080139d0                HSEM1_IRQHandler
                0x080139d0                EXTI0_IRQHandler
                0x080139d0                FPU_IRQHandler
                0x080139d0                OTG_HS_WKUP_IRQHandler
                0x080139d0                FDCAN1_IT1_IRQHandler
                0x080139d0                LTDC_ER_IRQHandler
                0x080139d0                DMA2_Stream2_IRQHandler
                0x080139d0                HRTIM1_TIME_IRQHandler
                0x080139d0                TIM6_DAC_IRQHandler
                0x080139d0                DCMI_IRQHandler
                0x080139d0                HRTIM1_TIMC_IRQHandler
                0x080139d0                DMA2_Stream3_IRQHandler
                0x080139d0                SAI2_IRQHandler
                0x080139d0                DFSDM1_FLT3_IRQHandler
                0x080139d0                USART6_IRQHandler
                0x080139d0                TIM17_IRQHandler
                0x080139d0                USART3_IRQHandler
                0x080139d0                BDMA_Channel7_IRQHandler
                0x080139d0                LPTIM5_IRQHandler
                0x080139d0                UART5_IRQHandler
                0x080139d0                ADC3_IRQHandler
                0x080139d0                DMA2_Stream0_IRQHandler
                0x080139d0                TIM4_IRQHandler
                0x080139d0                BDMA_Channel2_IRQHandler
                0x080139d0                QUADSPI_IRQHandler
                0x080139d0                DMA1_Stream6_IRQHandler
                0x080139d0                DMAMUX1_OVR_IRQHandler
                0x080139d0                TIM16_IRQHandler
                0x080139d0                UART4_IRQHandler
                0x080139d0                BDMA_Channel5_IRQHandler
                0x080139d0                TIM3_IRQHandler
                0x080139d0                RCC_IRQHandler
                0x080139d0                TIM8_BRK_TIM12_IRQHandler
                0x080139d0                TIM1_TRG_COM_IRQHandler
                0x080139d0                Default_Handler
                0x080139d0                ECC_IRQHandler
                0x080139d0                CEC_IRQHandler
                0x080139d0                EXTI15_10_IRQHandler
                0x080139d0                BDMA_Channel0_IRQHandler
                0x080139d0                ADC_IRQHandler
                0x080139d0                DMA1_Stream7_IRQHandler
                0x080139d0                HRTIM1_TIMA_IRQHandler
                0x080139d0                SPI5_IRQHandler
                0x080139d0                TIM7_IRQHandler
                0x080139d0                SDMMC1_IRQHandler
                0x080139d0                TIM5_IRQHandler
                0x080139d0                DMA2_Stream7_IRQHandler
                0x080139d0                TIM15_IRQHandler
                0x080139d0                PVD_AVD_IRQHandler
                0x080139d0                EXTI9_5_IRQHandler
                0x080139d0                RTC_WKUP_IRQHandler
                0x080139d0                LTDC_IRQHandler
                0x080139d0                SAI3_IRQHandler
                0x080139d0                ETH_WKUP_IRQHandler
                0x080139d0                SPDIF_RX_IRQHandler
                0x080139d0                SPI2_IRQHandler
                0x080139d0                OTG_HS_EP1_IN_IRQHandler
                0x080139d0                CRS_IRQHandler
                0x080139d0                EXTI4_IRQHandler
                0x080139d0                RNG_IRQHandler
                0x080139d0                HRTIM1_TIMB_IRQHandler
                0x080139d0                FDCAN2_IT1_IRQHandler
                0x080139d0                ETH_IRQHandler
                0x080139d0                TIM1_UP_IRQHandler
                0x080139d0                BDMA_Channel4_IRQHandler
                0x080139d0                OTG_HS_EP1_OUT_IRQHandler
                0x080139d0                WWDG_IRQHandler
                0x080139d0                SPI6_IRQHandler
                0x080139d0                MDIOS_IRQHandler
                0x080139d0                I2C4_EV_IRQHandler
                0x080139d0                FDCAN2_IT0_IRQHandler
                0x080139d0                LPUART1_IRQHandler
                0x080139d0                FDCAN1_IT0_IRQHandler
                0x080139d0                TIM2_IRQHandler
                0x080139d0                OTG_FS_WKUP_IRQHandler
                0x080139d0                OTG_HS_IRQHandler
                0x080139d0                DMA2D_IRQHandler
                0x080139d0                TIM1_BRK_IRQHandler
                0x080139d0                EXTI1_IRQHandler
                0x080139d0                SDMMC2_IRQHandler
                0x080139d0                OTG_FS_EP1_OUT_IRQHandler
                0x080139d0                BDMA_Channel3_IRQHandler
                0x080139d0                UART7_IRQHandler
                0x080139d0                MDIOS_WKUP_IRQHandler
                0x080139d0                USART2_IRQHandler
                0x080139d0                DFSDM1_FLT0_IRQHandler
                0x080139d0                SAI4_IRQHandler
                0x080139d0                DMA2_Stream1_IRQHandler
                0x080139d0                FLASH_IRQHandler
                0x080139d0                DMA2_Stream4_IRQHandler
                0x080139d0                USART1_IRQHandler
                0x080139d0                SPI3_IRQHandler
                0x080139d0                WAKEUP_PIN_IRQHandler
                0x080139d0                OTG_FS_EP1_IN_IRQHandler
                0x080139d0                FMC_IRQHandler
                0x080139d0                FDCAN_CAL_IRQHandler
                0x080139d0                SWPMI1_IRQHandler
                0x080139d0                COMP1_IRQHandler
                0x080139d0                LPTIM1_IRQHandler
                0x080139d0                I2C4_ER_IRQHandler
                0x080139d0                DMA2_Stream6_IRQHandler
                0x080139d0                RTC_Alarm_IRQHandler
 .text.memset   0x080139d2       0x10 /opt/ST/STM32CubeCLT_1.21.0/GNU-tools-for-STM32/bin/../lib/gcc/arm-none-eabi/14.3.1/../../../../arm-none-eabi/lib/thumb/v7e-m+dp/hard/libc_nano.a(libc_a-memset.o)
                0x080139d2                memset
 *fill*         0x080139e2        0x2 
 .text.__libc_init_array
                0x080139e4       0x48 /opt/ST/STM32CubeCLT_1.21.0/GNU-tools-for-STM32/bin/../lib/gcc/arm-none-eabi/14.3.1/../../../../arm-none-eabi/lib/thumb/v7e-m+dp/hard/libc_nano.a(libc_a-init.o)
                0x080139e4                __libc_init_array
 *(.glue_7)
 .glue_7        0x08013a2c        0x0 linker stubs
 *(.glue_7t)
 .glue_7t       0x08013a2c        0x0 linker stubs
 *(.eh_frame)
 .eh_frame      0x08013a2c        0x0 /opt/ST/STM32CubeCLT_1.21.0/GNU-tools-for-STM32/bin/../lib/gcc/arm-none-eabi/14.3.1/thumb/v7e-m+dp/hard/crtbegin.o
 *(.init)
 .init          0x08013a2c        0x4 /opt/ST/STM32CubeCLT_1.21.0/GNU-tools-for-STM32/bin/../lib/gcc/arm-none-eabi/14.3.1/thumb/v7e-m+dp/hard/crti.o
                0x08013a2c                _init
 .init          0x08013a30        0x8 /opt/ST/STM32CubeCLT_1.21.0/GNU-tools-for-STM32/bin/../lib/gcc/arm-none-eabi/14.3.1/thumb/v7e-m+dp/hard/crtn.o
 *(.fini)
 .fini          0x08013a38        0x4 /opt/ST/STM32CubeCLT_1.21.0/GNU-tools-for-STM32/bin/../lib/gcc/arm-none-eabi/14.3.1/thumb/v7e-m+dp/hard/crti.o
                0x08013a38                _fini
 .fini          0x08013a3c        0x8 /opt/ST/STM32CubeCLT_1.21.0/GNU-tools-for-STM32/bin/../lib/gcc/arm-none-eabi/14.3.1/thumb/v7e-m+dp/hard/crtn.o
                0x08013a44                        . = ALIGN (0x4)
                0x08013a44                        _etext = .

.vfp11_veneer   0x08013a44        0x0
 .vfp11_veneer  0x08013a44        0x0 linker stubs

.v4_bx          0x08013a44        0x0
 .v4_bx         0x08013a44        0x0 linker stubs

.iplt           0x08013a44        0x0
 .iplt          0x08013a44        0x0 /opt/ST/STM32CubeCLT_1.21.0/GNU-tools-for-STM32/bin/../lib/gcc/arm-none-eabi/14.3.1/thumb/v7e-m+dp/hard/crtbegin.o

.rodata         0x08013a44       0x88
                0x08013a44                        . = ALIGN (0x4)
 *(.rodata)
 .rodata        0x08013a44        0x8 build/Drivers/STM32H7xx_HAL_Driver/Src/stm32h7xx_hal_dma.o
 .rodata        0x08013a4c       0x18 build/Drivers/STM32H7xx_HAL_Driver/Src/stm32h7xx_hal_uart.o
                0x08013a4c                UARTPrescTable
 .rodata        0x08013a64       0x10 build/Drivers/STM32H7xx_HAL_Driver/Src/stm32h7xx_hal_uart_ex.o
 .rodata        0x08013a74       0x10 build/Core/Src/system_stm32h7xx.o
                0x08013a74                D1CorePrescTable
 *(.rodata*)
 .rodata.str1.4
                0x08013a84       0x46 build/USB_DEVICE/App/usbd_desc.o
                0x08013acc                        . = ALIGN (0x4)
 *fill*         0x08013aca        0x2 

.ARM.extab
 *(.ARM.extab* .gnu.linkonce.armextab.*)

.ARM            0x08013acc        0x8
                0x08013acc                        __exidx_start = .
 *(.ARM.exidx*)
 .ARM.exidx     0x08013acc        0x8 /opt/ST/STM32CubeCLT_1.21.0/GNU-tools-for-STM32/bin/../lib/gcc/arm-none-eabi/14.3.1/thumb/v7e-m+dp/hard/libgcc.a(_udivmoddi4.o)
                0x08013ad4                        __exidx_end = .

.preinit_array  0x08013ad4        0x0
                0x08013ad4                        PROVIDE (__preinit_array_start = .)
 *(.preinit_array*)
                0x08013ad4                        PROVIDE (__preinit_array_end = .)

.init_array     0x08013ad4        0x4
                0x08013ad4                        PROVIDE (__init_array_start = .)
 *(SORT_BY_NAME(.init_array.*))
 *(.init_array*)
 .init_array    0x08013ad4        0x4 /opt/ST/STM32CubeCLT_1.21.0/GNU-tools-for-STM32/bin/../lib/gcc/arm-none-eabi/14.3.1/thumb/v7e-m+dp/hard/crtbegin.o
                0x08013ad8                        PROVIDE (__init_array_end = .)

.fini_array     0x08013ad8        0x4
                [!provide]                        PROVIDE (__fini_array_start = .)
 *(SORT_BY_NAME(.fini_array.*))
 *(.fini_array*)
 .fini_array    0x08013ad8        0x4 /opt/ST/STM32CubeCLT_1.21.0/GNU-tools-for-STM32/bin/../lib/gcc/arm-none-eabi/14.3.1/thumb/v7e-m+dp/hard/crtbegin.o
                [!provide]                        PROVIDE (__fini_array_end = .)
                0x08013adc                        _sidata = LOADADDR (.data)

.rel.dyn        0x08013adc        0x0
 .rel.iplt      0x08013adc        0x0 /opt/ST/STM32CubeCLT_1.21.0/GNU-tools-for-STM32/bin/../lib/gcc/arm-none-eabi/14.3.1/thumb/v7e-m+dp/hard/crtbegin.o

.data           0x24000000      0x10c load address 0x08013adc
                0x24000000                        . = ALIGN (0x4)
                0x24000000                        _sdata = .
 *(.data)
 .data          0x24000000       0x60 build/USB_DEVICE/App/usbd_desc.o
                0x24000000                USBD_FS_DeviceDesc
                0x24000014                USBD_LangIDDesc
                0x24000018                USBD_StringSerial
                0x24000034                USBD_FS_BOSDesc
                0x24000040                FS_Desc
 .data          0x24000060       0x14 build/USB_DEVICE/App/usbd_cdc_if.o
                0x24000060                USBD_Interface_fops_FS
 .data          0x24000074        0x8 build/Drivers/STM32H7xx_HAL_Driver/Src/stm32h7xx_hal.o
                0x24000074                uwTickFreq
                0x24000078                uwTickPrio
 .data          0x2400007c       0x88 build/Middlewares/ST/STM32_USB_Device_Library/Class/CDC/Src/usbd_cdc.o
                0x240000cc                USBD_CDC
 .data          0x24000104        0x8 build/Core/Src/system_stm32h7xx.o
                0x24000104                SystemD2Clock
                0x24000108                SystemCoreClock
 *(.data*)
 *(.RamFunc)
 *(.RamFunc*)
                0x2400010c                        . = ALIGN (0x4)
                0x2400010c                        _edata = .

.igot.plt       0x2400010c        0x0 load address 0x08013be8
 .igot.plt      0x2400010c        0x0 /opt/ST/STM32CubeCLT_1.21.0/GNU-tools-for-STM32/bin/../lib/gcc/arm-none-eabi/14.3.1/thumb/v7e-m+dp/hard/crtbegin.o
                0x2400010c                        . = ALIGN (0x4)

.bss            0x2400010c     0x20ec load address 0x08013be8
                0x2400010c                        _sbss = .
                0x2400010c                        __bss_start__ = _sbss
 *(.bss)
 .bss           0x2400010c       0x1c /opt/ST/STM32CubeCLT_1.21.0/GNU-tools-for-STM32/bin/../lib/gcc/arm-none-eabi/14.3.1/thumb/v7e-m+dp/hard/crtbegin.o
 .bss           0x24000128      0x3cc build/Core/Src/i2c.o
                0x24000128                hi2c1
                0x2400017c                hi2c2
                0x240001d0                hi2c3
                0x24000224                hdma_i2c1_rx
                0x2400029c                hdma_i2c1_tx
                0x24000314                hdma_i2c2_rx
                0x2400038c                hdma_i2c2_tx
                0x24000404                hdma_i2c3_rx
                0x2400047c                hdma_i2c3_tx
 .bss           0x240004f4       0x88 build/Core/Src/spi.o
                0x240004f4                hspi1
 .bss           0x2400057c       0x94 build/Core/Src/usart.o
                0x2400057c                huart1
 .bss           0x24000610      0x2dc build/USB_DEVICE/App/usb_device.o
                0x24000610                hUsbDeviceFS
 .bss           0x240008ec      0x704 build/USB_DEVICE/Target/usbd_conf.o
                0x240008ec                hpcd_USB_OTG_FS
 .bss           0x24000ff0      0x200 build/USB_DEVICE/App/usbd_desc.o
                0x24000ff0                USBD_StrDesc
 .bss           0x240011f0     0x1000 build/USB_DEVICE/App/usbd_cdc_if.o
                0x240011f0                UserTxBufferFS
                0x240019f0                UserRxBufferFS
 .bss           0x240021f0        0x4 build/Drivers/STM32H7xx_HAL_Driver/Src/stm32h7xx_hal.o
                0x240021f0                uwTick
 .bss           0x240021f4        0x1 build/Middlewares/ST/STM32_USB_Device_Library/Core/Src/usbd_ctlreq.o
 *(.bss*)
 *(COMMON)
                0x240021f8                        . = ALIGN (0x4)
 *fill*         0x240021f5        0x3 
                0x240021f8                        _ebss = .
                0x240021f8                        __bss_end__ = _ebss

._user_heap_stack
                0x240021f8      0x600 load address 0x08013be8
                0x240021f8                        . = ALIGN (0x8)
                [!provide]                        PROVIDE (end = .)
                0x240021f8                        PROVIDE (_end = .)
                0x240023f8                        . = (. + _Min_Heap_Size)
 *fill*         0x240021f8      0x200 
                0x240027f8                        . = (. + _Min_Stack_Size)
 *fill*         0x240023f8      0x400 
                0x240027f8                        . = ALIGN (0x8)

/DISCARD/
 libc.a(*)
 libm.a(*)
 libgcc.a(*)

.ARM.attributes
                0x00000000       0x2e
 *(.ARM.attributes)
 .ARM.attributes
                0x00000000       0x20 /opt/ST/STM32CubeCLT_1.21.0/GNU-tools-for-STM32/bin/../lib/gcc/arm-none-eabi/14.3.1/thumb/v7e-m+dp/hard/crti.o
 .ARM.attributes
                0x00000020       0x32 /opt/ST/STM32CubeCLT_1.21.0/GNU-tools-for-STM32/bin/../lib/gcc/arm-none-eabi/14.3.1/thumb/v7e-m+dp/hard/crtbegin.o
 .ARM.attributes
                0x00000052       0x32 build/Core/Src/main.o
 .ARM.attributes
                0x00000084       0x32 build/Core/Src/gpio.o
 .ARM.attributes
                0x000000b6       0x32 build/Core/Src/dma.o
 .ARM.attributes
                0x000000e8       0x32 build/Core/Src/i2c.o
 .ARM.attributes
                0x0000011a       0x32 build/Core/Src/spi.o
 .ARM.attributes
                0x0000014c       0x32 build/Core/Src/usart.o
 .ARM.attributes
                0x0000017e       0x32 build/Core/Src/stm32h7xx_it.o
 .ARM.attributes
                0x000001b0       0x32 build/Core/Src/stm32h7xx_hal_msp.o
 .ARM.attributes
                0x000001e2       0x32 build/USB_DEVICE/App/usb_device.o
 .ARM.attributes
                0x00000214       0x32 build/USB_DEVICE/Target/usbd_conf.o
 .ARM.attributes
                0x00000246       0x32 build/USB_DEVICE/App/usbd_desc.o
 .ARM.attributes
                0x00000278       0x32 build/USB_DEVICE/App/usbd_cdc_if.o
 .ARM.attributes
                0x000002aa       0x32 build/Drivers/STM32H7xx_HAL_Driver/Src/stm32h7xx_hal_pcd.o
 .ARM.attributes
                0x000002dc       0x32 build/Drivers/STM32H7xx_HAL_Driver/Src/stm32h7xx_hal_pcd_ex.o
 .ARM.attributes
                0x0000030e       0x32 build/Drivers/STM32H7xx_HAL_Driver/Src/stm32h7xx_ll_usb.o
 .ARM.attributes
                0x00000340       0x32 build/Drivers/STM32H7xx_HAL_Driver/Src/stm32h7xx_hal_rcc.o
 .ARM.attributes
                0x00000372       0x32 build/Drivers/STM32H7xx_HAL_Driver/Src/stm32h7xx_hal_rcc_ex.o
 .ARM.attributes
                0x000003a4       0x32 build/Drivers/STM32H7xx_HAL_Driver/Src/stm32h7xx_hal_gpio.o
 .ARM.attributes
                0x000003d6       0x32 build/Drivers/STM32H7xx_HAL_Driver/Src/stm32h7xx_hal_dma.o
 .ARM.attributes
                0x00000408       0x32 build/Drivers/STM32H7xx_HAL_Driver/Src/stm32h7xx_hal_pwr.o
 .ARM.attributes
                0x0000043a       0x32 build/Drivers/STM32H7xx_HAL_Driver/Src/stm32h7xx_hal_pwr_ex.o
 .ARM.attributes
                0x0000046c       0x32 build/Drivers/STM32H7xx_HAL_Driver/Src/stm32h7xx_hal_cortex.o
 .ARM.attributes
                0x0000049e       0x32 build/Drivers/STM32H7xx_HAL_Driver/Src/stm32h7xx_hal.o
 .ARM.attributes
                0x000004d0       0x32 build/Drivers/STM32H7xx_HAL_Driver/Src/stm32h7xx_hal_i2c.o
 .ARM.attributes
                0x00000502       0x32 build/Drivers/STM32H7xx_HAL_Driver/Src/stm32h7xx_hal_i2c_ex.o
 .ARM.attributes
                0x00000534       0x32 build/Drivers/STM32H7xx_HAL_Driver/Src/stm32h7xx_hal_spi.o
 .ARM.attributes
                0x00000566       0x32 build/Drivers/STM32H7xx_HAL_Driver/Src/stm32h7xx_hal_uart.o
 .ARM.attributes
                0x00000598       0x32 build/Drivers/STM32H7xx_HAL_Driver/Src/stm32h7xx_hal_uart_ex.o
 .ARM.attributes
                0x000005ca       0x32 build/Middlewares/ST/STM32_USB_Device_Library/Core/Src/usbd_core.o
 .ARM.attributes
                0x000005fc       0x32 build/Middlewares/ST/STM32_USB_Device_Library/Core/Src/usbd_ctlreq.o
 .ARM.attributes
                0x0000062e       0x32 build/Middlewares/ST/STM32_USB_Device_Library/Core/Src/usbd_ioreq.o
 .ARM.attributes
                0x00000660       0x32 build/Middlewares/ST/STM32_USB_Device_Library/Class/CDC/Src/usbd_cdc.o
 .ARM.attributes
                0x00000692       0x32 build/Core/Src/system_stm32h7xx.o
 .ARM.attributes
                0x000006c4       0x21 build/Core/Startup/startup_stm32h743vitx.o
 .ARM.attributes
                0x000006e5       0x20 /opt/ST/STM32CubeCLT_1.21.0/GNU-tools-for-STM32/bin/../lib/gcc/arm-none-eabi/14.3.1/thumb/v7e-m+dp/hard/libgcc.a(_aeabi_uldivmod.o)
 .ARM.attributes
                0x00000705       0x32 /opt/ST/STM32CubeCLT_1.21.0/GNU-tools-for-STM32/bin/../lib/gcc/arm-none-eabi/14.3.1/thumb/v7e-m+dp/hard/libgcc.a(_udivmoddi4.o)
 .ARM.attributes
                0x00000737       0x20 /opt/ST/STM32CubeCLT_1.21.0/GNU-tools-for-STM32/bin/../lib/gcc/arm-none-eabi/14.3.1/thumb/v7e-m+dp/hard/libgcc.a(_dvmd_tls.o)
 .ARM.attributes
                0x00000757       0x32 /opt/ST/STM32CubeCLT_1.21.0/GNU-tools-for-STM32/bin/../lib/gcc/arm-none-eabi/14.3.1/../../../../arm-none-eabi/lib/thumb/v7e-m+dp/hard/libc_nano.a(libc_a-memset.o)
 .ARM.attributes
                0x00000789       0x32 /opt/ST/STM32CubeCLT_1.21.0/GNU-tools-for-STM32/bin/../lib/gcc/arm-none-eabi/14.3.1/../../../../arm-none-eabi/lib/thumb/v7e-m+dp/hard/libc_nano.a(libc_a-init.o)
 .ARM.attributes
                0x000007bb       0x20 /opt/ST/STM32CubeCLT_1.21.0/GNU-tools-for-STM32/bin/../lib/gcc/arm-none-eabi/14.3.1/thumb/v7e-m+dp/hard/crtn.o
OUTPUT(build/MagGrad_Dual_V1.elf elf32-littlearm)
LOAD linker stubs
LOAD /opt/ST/STM32CubeCLT_1.21.0/GNU-tools-for-STM32/bin/../lib/gcc/arm-none-eabi/14.3.1/../../../../arm-none-eabi/lib/thumb/v7e-m+dp/hard/libc.a
LOAD /opt/ST/STM32CubeCLT_1.21.0/GNU-tools-for-STM32/bin/../lib/gcc/arm-none-eabi/14.3.1/../../../../arm-none-eabi/lib/thumb/v7e-m+dp/hard/libm.a
LOAD /opt/ST/STM32CubeCLT_1.21.0/GNU-tools-for-STM32/bin/../lib/gcc/arm-none-eabi/14.3.1/thumb/v7e-m+dp/hard/libgcc.a

.comment        0x00000000       0x43
 .comment       0x00000000       0x43 build/Core/Src/main.o
                                 0x44 (size before relaxing)
 .comment       0x00000043       0x44 build/Core/Src/gpio.o
 .comment       0x00000043       0x44 build/Core/Src/dma.o
 .comment       0x00000043       0x44 build/Core/Src/i2c.o
 .comment       0x00000043       0x44 build/Core/Src/spi.o
 .comment       0x00000043       0x44 build/Core/Src/usart.o
 .comment       0x00000043       0x44 build/Core/Src/stm32h7xx_it.o
 .comment       0x00000043       0x44 build/Core/Src/stm32h7xx_hal_msp.o
 .comment       0x00000043       0x44 build/USB_DEVICE/App/usb_device.o
 .comment       0x00000043       0x44 build/USB_DEVICE/Target/usbd_conf.o
 .comment       0x00000043       0x44 build/USB_DEVICE/App/usbd_desc.o
 .comment       0x00000043       0x44 build/USB_DEVICE/App/usbd_cdc_if.o
 .comment       0x00000043       0x44 build/Drivers/STM32H7xx_HAL_Driver/Src/stm32h7xx_hal_pcd.o
 .comment       0x00000043       0x44 build/Drivers/STM32H7xx_HAL_Driver/Src/stm32h7xx_hal_pcd_ex.o
 .comment       0x00000043       0x44 build/Drivers/STM32H7xx_HAL_Driver/Src/stm32h7xx_ll_usb.o
 .comment       0x00000043       0x44 build/Drivers/STM32H7xx_HAL_Driver/Src/stm32h7xx_hal_rcc.o
 .comment       0x00000043       0x44 build/Drivers/STM32H7xx_HAL_Driver/Src/stm32h7xx_hal_rcc_ex.o
 .comment       0x00000043       0x44 build/Drivers/STM32H7xx_HAL_Driver/Src/stm32h7xx_hal_gpio.o
 .comment       0x00000043       0x44 build/Drivers/STM32H7xx_HAL_Driver/Src/stm32h7xx_hal_dma.o
 .comment       0x00000043       0x44 build/Drivers/STM32H7xx_HAL_Driver/Src/stm32h7xx_hal_pwr.o
 .comment       0x00000043       0x44 build/Drivers/STM32H7xx_HAL_Driver/Src/stm32h7xx_hal_pwr_ex.o
 .comment       0x00000043       0x44 build/Drivers/STM32H7xx_HAL_Driver/Src/stm32h7xx_hal_cortex.o
 .comment       0x00000043       0x44 build/Drivers/STM32H7xx_HAL_Driver/Src/stm32h7xx_hal.o
 .comment       0x00000043       0x44 build/Drivers/STM32H7xx_HAL_Driver/Src/stm32h7xx_hal_i2c.o
 .comment       0x00000043       0x44 build/Drivers/STM32H7xx_HAL_Driver/Src/stm32h7xx_hal_i2c_ex.o
 .comment       0x00000043       0x44 build/Drivers/STM32H7xx_HAL_Driver/Src/stm32h7xx_hal_spi.o
 .comment       0x00000043       0x44 build/Drivers/STM32H7xx_HAL_Driver/Src/stm32h7xx_hal_uart.o
 .comment       0x00000043       0x44 build/Drivers/STM32H7xx_HAL_Driver/Src/stm32h7xx_hal_uart_ex.o
 .comment       0x00000043       0x44 build/Middlewares/ST/STM32_USB_Device_Library/Core/Src/usbd_core.o
 .comment       0x00000043       0x44 build/Middlewares/ST/STM32_USB_Device_Library/Core/Src/usbd_ctlreq.o
 .comment       0x00000043       0x44 build/Middlewares/ST/STM32_USB_Device_Library/Core/Src/usbd_ioreq.o
 .comment       0x00000043       0x44 build/Middlewares/ST/STM32_USB_Device_Library/Class/CDC/Src/usbd_cdc.o
 .comment       0x00000043       0x44 build/Core/Src/system_stm32h7xx.o

.debug_frame    0x00000000       0xac
 .debug_frame   0x00000000       0x2c /opt/ST/STM32CubeCLT_1.21.0/GNU-tools-for-STM32/bin/../lib/gcc/arm-none-eabi/14.3.1/thumb/v7e-m+dp/hard/libgcc.a(_aeabi_uldivmod.o)
 .debug_frame   0x0000002c       0x34 /opt/ST/STM32CubeCLT_1.21.0/GNU-tools-for-STM32/bin/../lib/gcc/arm-none-eabi/14.3.1/thumb/v7e-m+dp/hard/libgcc.a(_udivmoddi4.o)
 .debug_frame   0x00000060       0x20 /opt/ST/STM32CubeCLT_1.21.0/GNU-tools-for-STM32/bin/../lib/gcc/arm-none-eabi/14.3.1/../../../../arm-none-eabi/lib/thumb/v7e-m+dp/hard/libc_nano.a(libc_a-memset.o)
 .debug_frame   0x00000080       0x2c /opt/ST/STM32CubeCLT_1.21.0/GNU-tools-for-STM32/bin/../lib/gcc/arm-none-eabi/14.3.1/../../../../arm-none-eabi/lib/thumb/v7e-m+dp/hard/libc_nano.a(libc_a-init.o)
